// Vitest Snapshot v1, https://vitest.dev/guide/snapshot.html

exports[`App > should test a snapshot 1`] = `
<DocumentFragment>
  <div
    class="AppGrid"
  >
    <table>
      <thead>
        <tr>
          <th>
            ID
          </th>
          <th>
            Name
          </th>
          <th>
            Username
          </th>
        </tr>
      </thead>
      <tbody />
    </table>
  </div>
</DocumentFragment>
`;
