// Vitest Snapshot v1, https://vitest.dev/guide/snapshot.html

exports[`App > should test a snapshot 1`] = `
<DocumentFragment>
  <div
    class="AppImage"
  >
    <img
      src="/src/assets/puppy.jpg"
    />
  </div>
</DocumentFragment>
`;
